
ZEDEC pqOS — M5 Axiomatic Kernel (VOVINA SHAKINA) [ARM64]
Edition: ZEDEC XERO VULPINE (ZXV)
==================================================

License: SEL-3.3 — Streisand Engine License
Author: H.M. Michael-Laurence: Curzi (c)
36N9 Genetics, LLC — Irrevocable, Interdimensional

[E0001] [BOOT] MMU/paging...
[E0002]   [DRIVER ONLINE] Identity mapping (1GB, 4KB granule)
[E0003] [BOOT] GICv3 interrupt controller...
[E0004]   [DRIVER ONLINE] GICv3 distributor + redistributor
[E0005] [BOOT] Generic timer...
[E0006]   [DRIVER ONLINE] Timer at 100 Hz
[E0007] [BOOT] M5 Kernel subsystems...
[E0008]   [INITIALIZED] Phase Coordinator (EXEC_DC)
[E0009]   [INITIALIZED] RMAG (256 slots)
[E0010]   [INITIALIZED] LPRES
[E0011]   [INITIALIZED] IPHASE
[E0012]   [INITIALIZED] CHOICE
[E0013]   [INITIALIZED] OSEQ
  cycle 1: omega=0
  cycle 2: omega=0
  cycle 3: omega=0
  cycle 4: omega=0
  cycle 5: omega=0
[E0014] [BOOT] EDP risk calculus + ISF + predictive model...
[E0015]   [INITIALIZED] EDP operators + Fibonacci algebra + ISF surplus
[E0016] [BOOT] Tactical/strategic situation modeler...
[E0017]   [REGISTERED] 15 domains + cross-domain contagion
[E0018] [BOOT] Nine-capital triple ledger system...
[E0019]   [REGISTERED] 9 capital types + floating vouchers + conventional compat
[E0020] [BOOT] Financial instruments suite...
[E0021]   [REGISTERED] 20 instrument types + M5 valuation + Greeks
[E0022] [BOOT] Dragon/Phoenix/Thunderbird payment rails...
[E0023]   [REGISTERED] 3 rails + conventional network compat
[E0024] [BOOT] Web2-Web3 cryptocurrency bridge...
[E0025]   [REGISTERED] 35 chains + 11 smart contract languages + dual-directional
[E0026] [SKIP] National identity registry (KERNEL_SIM_DEVICES=0)
[E0027] [BOOT] JDR PirateNet harmonic hum carrier...
[E0028]   [REGISTERED] 22 frequency bands + harmonic hum + FHSS
[E0029] [SKIP] Quantum/exotic-matter research sandbox (KERNEL_SIM_DEVICES=0)
[E0030] [BOOT] Hardware-as-code RTL device framework...
[E0031]   [REGISTERED] Chisel/SystemVerilog/VHDL + AXI4/APB/AHB + second quantization
[E0032] [BOOT] DLP pico projector (hardware-as-code)...
[E0033]   [INITIALIZED] 854x480 native -> 1708x960 apparent (4-way pixel-shift)
[E0034]   [SIMULATED] Laser AF (0.5-4m) + keystone + complementary-color dither
[E0035] [BOOT] Vino decentralized bank node...
[E0036]   [INITIALIZED] Triple ledger + nine capital + ISO 20022
[E0037] [BOOT] Count House fractal-reserve valuation engine...
[E0038]   [INITIALIZED] Scale-0 Stash Buckets + anti-Sybil + Fibonacci mint curve (allowance=
1000)
[E0039] [BOOT] Porter House port-seal firewall...
[E0040]   [INITIALIZED] Port-seal firewall: 8800=TRUSTED(500) 9090=ALLOWLIST 23=CLOSED
[E0041] [BOOT] Mesh-Token external settlement via Porter House...
[E0042]   [INITIALIZED] Porter House-gated settlement on port 8800 + Count House valuation
[E0043] [BOOT] Community Chest P2P app store + Vino Floating Vouchers...
[E0044]   [REGISTERED] P2P marketplace + Vino voucher clearing (dev 70-85% / platform 15-24% / 36N9 20%)
[E0045] [BOOT] AI integration layer + remote compute...
[E0046]   [REGISTERED] On-device inference + Porter House-gated remote compute (port 8900)
[E0047] [BOOT] P2P mesh network layer (user-created networks + trade routes)...
[E0048]   [REGISTERED] User mesh networks + trade routes + federation (port 8800)
[E0049] [BOOT] Immigration enforcement + Robin DeBanks vault...
[E0050]   [ENTROPY][WARN] No FEAT_RNG on this CPU — vault key is NON-cryptographic
[E0051]                    dev material (predictable). Not for production secrets.
[E0052]   [INITIALIZED] Daemon visa system + encrypted vault
[E0053] [BOOT] Vena application runtime...
[E0054]   [INITIALIZED] M5 Axiomatic app loader + 31 languages
[E0055] [BOOT] Event-driven scheduler (per-task event budget + WFI tickless idle)...
[E0056]   [INITIALIZED] 3 event-budget tasks + PMU cycle cost proxy + tickless WFI
[E0057] [BOOT] Event-space infrastructure (sequencer + domains + self-audit + self-healing)...
[E0058]   [INITIALIZED] 4 event domains (storage/network/display/input)
[E0059]   [AUDIT] Initial system audit: PASS
[E0060]   [PILOT] Event enqueued to storage domain — pipeline verified
[E0061] [BOOT] Orbital Elevator (schema registry + compatibility graph + adapters)...
[E0062]   [INITIALIZED] 3 schemas (10 versions) + 3 orbit manifests
[E0063] [BOOT] Constellation Coordinator (node registry + routing + health)...
[E0064]   [INITIALIZED] 1 node (self) + 3 executors + 3 routes
[E0065] [BOOT] Event Transport (channel abstraction + delivery)...
[E0066]   [INITIALIZED] 1 loopback channel (local transport)
[E0067] [BOOT] Hypercube Scene Architecture (scene graph + projection + degradation)...
[E0068]   [INITIALIZED] 4 scene cells (terminal/files/network/notifications)
[E0069]   [SCENE] Projected to 2D_NORMAL — terminal focused
[E0070] [BOOT] Yantra Fabric (device registry + capability states + digital twin)...
[E0071]   [INITIALIZED] 4 devices (uart/gic/projector/framebuffer)
[E0072]   [YANTRA] Capability levels: uart=EMULATED gic=EMULATED projector=MODEL_ONLY fb=EMULATED
[E0073] [BOOT] Tri-Space Programming (triad registry + linter + S0 quarantine)...
[E0074]   [INITIALIZED] 2 tri-space triads (storage=RESTORING+S0, network=CONSTRAINING+S0)
[E0075] [BOOT] Holographic data system...
[E0076]   [REGISTERED] .36n9 + .9n63 + .36m9 + .9m63 + .zedei + .iedez + .zedec + .cedez + .0n0 + .0m0 + .zedez + .cedec file types
[E0077] [BOOT] Prism Break holographic touchscreen shader...
[E0078]   [INITIALIZED] 6-layer compositor (prism + scanlines + ripples + aberration)
[E0079] [BOOT] Virtual filesystem (VFS + FAT32 RAM disk)...
[E0080]   [MOUNTED] FAT32 RAM disk (16MB) at /
[E0081] [BOOT] Persistent storage (virtio-blk + ZXVFS journaled FS)...
[E0082]   [DRIVER ONLINE] virtio-blk device found
[E0083]   [FORMAT] blank disk — writing fresh ZXVFS
[E0084]   [MOUNTED] ZXVFS — persistent. Shell: write/cat/ls-p/rm/sync
[E0085]   [SEEDED] signed hello.zsp on disk — try 'run hello.zsp'
[E0086]   [A/B] signed-update state ready (slots/update/confirm/rollback)
[E0087] [BOOT] Network stack (TCP/IP + M5 router + loopback)...
[E0088]   [INITIALIZED] TCP/IP stack + M5 omni-router + loopback (127.0.0.1)
[E0089] [BOOT] EL0 user space (per-process page tables + preemptive scheduler)...
[E0090]   [EL0] scheduler initialized
[E0091]   [EL0] TCR_EL1 configured (T0SZ=24, T1SZ=0, 4KB granule)
[E0092]   [EL0] TTBR1_EL1 identity mapping confirmed
[E0093]   [EL0] exception handler linked to scheduler
[E0094]   [DRIVER ONLINE] EL0: process + P-TERM user shell created — entering EL0
[E0095] [BOOT] Cellular Multikernel (CELL-001): fabric discovery and admission...
[E0096]   [INITIALIZED] 3 ARM64 cells active (coord, k1k6, io) with phase routes
[E0097]   [FAULT CONTAINED] arm64-io fail-stopped; routes revoked; fabric survives
[E0098]   [RECOVERED] arm64-io re-admitted with incarnation=2 and new routes
[E0099] [BOOT] P-TERM engine (kernel-side shell backend)...
[E0100]   [INITIALIZED] serial console + command suite (type 'help')
[E0101]   [UNIFIED] kernel event cycle bridged to timer tick during EL0
[E0102] 
[BOOT] ZEDEC pqOS [ARM64] — All systems online.
[E0103] [BOOT_OK] Phase E0082 complete; kernel_main reached; EL0 ready

[E0104] [BOOT] Entering event cycle...


[BOOT] Evidence measurement: 000000000000007200000000000000BB00000000000000A3000000000000002B0000000000000067000000000000004E000000000000001C00000000000000DA000000000000008500000000000000CC000000000000006200000000000000570000000000000099000000000000003F000000000000007A00000000000000370000000000000011000000000000004C00000000000000AF000000000000007C00000000000000B90000000000000075000000000000002100000000000000E700000000000000006000000000000008B00000000000000D40000000000000044000000000000008100000000000000AE0000000000000000A0000000000000026
[BOOT] Evidence count: 104 messages recorded
A
P-TERM/EL0
> AAAA[EVENT-SPACE] self-healing action: 4 faults=0 quarantined=0 recovered=0
tour
ZXV in one minute:
  1. It's alive        -> 'pulse'   (timer tick = one event cycle)
  2. Everything's live -> 'stats'   (17 subsystems ticking now)
  3. Real storage      -> 'ls-p' / 'write f text' / 'cat f'
  4. Run signed apps   -> 'run hello.zsp' (Ed25519-verified)
  5. Safe updates      -> 'slots' / 'update f' / 'confirm' / 'rollback'
  6. Who + how long    -> 'whoami' / 'uptime' / 'ps'
Type 'help' for the full command list.
> pulse
heartbeat  [=====================   ]
  beats(ticks)=428  event_cycles=428  rate=100 Hz  uptime~4s
> run hello.zsp
run: signature verified against root key (Ed25519)
run: launched pid=3 (hello.zsp)
> 
+--------------------------------------------------+
|  Hello from a REAL ELF, loaded off ZXVFS disk.   |
|  Running at EL0 in its own address space.        |
+--------------------------------------------------+
my pid = 3
[EL0][EPERM] pid=3 denied syscall 11 (missing capability)
privileged SYS_EXEC correctly DENIED (least privilege ok)
slots
A/B slots: active=A verA=1 verB=0 probation=none promotions=0 rollbacks=0
> update hello.zsp
update: signature OK — staged to slot B ON PROBATION. 'confirm' to promote, 'rollback' to revert.
> confirm
confirm: probation slot promoted to active
> slots
A/B slots: active=B verA=1 verB=2 probation=none promotions=1 rollbacks=0
> exit
bye
[EL0] all user processes exited — EL1 idle
qemu-system-aarch64: terminating on signal 15 from pid 47823 (<unknown process>)
